0 verbose cli C:\Program Files\nodejs\node.exe C:\Program Files\nodejs\node_modules\npm\bin\npm-cli.js
1 info using npm@10.9.3
2 info using node@v22.20.0
3 silly config load:file:C:\Program Files\nodejs\node_modules\npm\npmrc
4 silly config load:file:C:\Coding\Work\client\.npmrc
5 silly config load:file:C:\Users\sk281\.npmrc
6 silly config load:file:C:\Users\sk281\AppData\Roaming\npm\etc\npmrc
7 verbose title npm audit
8 verbose argv "audit" "--omit" "dev" "--cache" ".\\.npm-cache"
9 verbose logfile logs-max:10 dir:C:\Coding\Work\client\.npm-cache\_logs\2026-08-22T11_04_34_645Z-
10 verbose logfile C:\Coding\Work\client\.npm-cache\_logs\2026-08-22T11_04_34_645Z-debug-0.log
11 silly logfile done cleaning log files
12 silly packumentCache heap:4345298944 maxSize:1086324736 maxEntrySize:543162368
13 silly audit bulk request {
13 silly audit   '@babel/code-frame': [ '7.29.7' ],
13 silly audit   '@babel/compat-data': [ '7.29.7' ],
13 silly audit   '@babel/core': [ '7.29.7' ],
13 silly audit   '@babel/generator': [ '7.29.8' ],
13 silly audit   '@babel/helper-compilation-targets': [ '7.29.7' ],
13 silly audit   '@babel/helper-globals': [ '7.29.7' ],
13 silly audit   '@babel/helper-module-imports': [ '7.29.7' ],
13 silly audit   '@babel/helper-module-transforms': [ '7.29.7' ],
13 silly audit   '@babel/helper-plugin-utils': [ '7.29.7' ],
13 silly audit   '@babel/helper-string-parser': [ '7.29.7' ],
13 silly audit   '@babel/helper-validator-identifier': [ '7.29.7' ],
13 silly audit   '@babel/helper-validator-option': [ '7.29.7' ],
13 silly audit   '@babel/helpers': [ '7.29.7' ],
13 silly audit   '@babel/parser': [ '7.29.8' ],
13 silly audit   '@babel/plugin-transform-react-jsx-self': [ '7.29.7' ],
13 silly audit   '@babel/plugin-transform-react-jsx-source': [ '7.29.7' ],
13 silly audit   '@babel/runtime': [ '7.29.7' ],
13 silly audit   '@babel/template': [ '7.29.7' ],
13 silly audit   '@babel/traverse': [ '7.29.8' ],
13 silly audit   '@babel/types': [ '7.29.8' ],
13 silly audit   '@esbuild/aix-ppc64': [ '0.28.2' ],
13 silly audit   '@esbuild/android-arm': [ '0.28.2' ],
13 silly audit   '@esbuild/android-arm64': [ '0.28.2' ],
13 silly audit   '@esbuild/android-x64': [ '0.28.2' ],
13 silly audit   '@esbuild/darwin-arm64': [ '0.28.2' ],
13 silly audit   '@esbuild/darwin-x64': [ '0.28.2' ],
13 silly audit   '@esbuild/freebsd-arm64': [ '0.28.2' ],
13 silly audit   '@esbuild/freebsd-x64': [ '0.28.2' ],
13 silly audit   '@esbuild/linux-arm': [ '0.28.2' ],
13 silly audit   '@esbuild/linux-arm64': [ '0.28.2' ],
13 silly audit   '@esbuild/linux-ia32': [ '0.28.2' ],
13 silly audit   '@esbuild/linux-loong64': [ '0.28.2' ],
13 silly audit   '@esbuild/linux-mips64el': [ '0.28.2' ],
13 silly audit   '@esbuild/linux-ppc64': [ '0.28.2' ],
13 silly audit   '@esbuild/linux-riscv64': [ '0.28.2' ],
13 silly audit   '@esbuild/linux-s390x': [ '0.28.2' ],
13 silly audit   '@esbuild/linux-x64': [ '0.28.2' ],
13 silly audit   '@esbuild/netbsd-arm64': [ '0.28.2' ],
13 silly audit   '@esbuild/netbsd-x64': [ '0.28.2' ],
13 silly audit   '@esbuild/openbsd-arm64': [ '0.28.2' ],
13 silly audit   '@esbuild/openbsd-x64': [ '0.28.2' ],
13 silly audit   '@esbuild/openharmony-arm64': [ '0.28.2' ],
13 silly audit   '@esbuild/sunos-x64': [ '0.28.2' ],
13 silly audit   '@esbuild/win32-arm64': [ '0.28.2' ],
13 silly audit   '@esbuild/win32-ia32': [ '0.28.2' ],
13 silly audit   '@esbuild/win32-x64': [ '0.28.2' ],
13 silly audit   '@jridgewell/gen-mapping': [ '0.3.13' ],
13 silly audit   '@jridgewell/remapping': [ '2.3.5' ],
13 silly audit   '@jridgewell/resolve-uri': [ '3.1.2' ],
13 silly audit   '@jridgewell/sourcemap-codec': [ '1.5.5' ],
13 silly audit   '@jridgewell/trace-mapping': [ '0.3.31' ],
13 silly audit   '@napi-rs/lzma-linux-x64-gnu': [ '1.5.1' ],
13 silly audit   '@rolldown/pluginutils': [ '1.0.0-rc.3' ],
13 silly audit   '@rollup/rollup-android-arm-eabi': [ '4.62.5' ],
13 silly audit   '@rollup/rollup-android-arm64': [ '4.62.5' ],
13 silly audit   '@rollup/rollup-darwin-arm64': [ '4.62.5' ],
13 silly audit   '@rollup/rollup-darwin-x64': [ '4.62.5' ],
13 silly audit   '@rollup/rollup-freebsd-arm64': [ '4.62.5' ],
13 silly audit   '@rollup/rollup-freebsd-x64': [ '4.62.5' ],
13 silly audit   '@rollup/rollup-linux-arm-gnueabihf': [ '4.62.5' ],
13 silly audit   '@rollup/rollup-linux-arm-musleabihf': [ '4.62.5' ],
13 silly audit   '@rollup/rollup-linux-arm64-gnu': [ '4.62.5' ],
13 silly audit   '@rollup/rollup-linux-arm64-musl': [ '4.62.5' ],
13 silly audit   '@rollup/rollup-linux-loong64-gnu': [ '4.62.5' ],
13 silly audit   '@rollup/rollup-linux-loong64-musl': [ '4.62.5' ],
13 silly audit   '@rollup/rollup-linux-ppc64-gnu': [ '4.62.5' ],
13 silly audit   '@rollup/rollup-linux-ppc64-musl': [ '4.62.5' ],
13 silly audit   '@rollup/rollup-linux-riscv64-gnu': [ '4.62.5' ],
13 silly audit   '@rollup/rollup-linux-riscv64-musl': [ '4.62.5' ],
13 silly audit   '@rollup/rollup-linux-s390x-gnu': [ '4.62.5' ],
13 silly audit   '@rollup/rollup-linux-x64-gnu': [ '4.62.5' ],
13 silly audit   '@rollup/rollup-linux-x64-musl': [ '4.62.5' ],
13 silly audit   '@rollup/rollup-openbsd-x64': [ '4.62.5' ],
13 silly audit   '@rollup/rollup-openharmony-arm64': [ '4.62.5' ],
13 silly audit   '@rollup/rollup-win32-arm64-msvc': [ '4.62.5' ],
13 silly audit   '@rollup/rollup-win32-ia32-msvc': [ '4.62.5' ],
13 silly audit   '@rollup/rollup-win32-x64-gnu': [ '4.62.5' ],
13 silly audit   '@rollup/rollup-win32-x64-msvc': [ '4.62.5' ],
13 silly audit   '@types/babel__core': [ '7.20.5' ],
13 silly audit   '@types/babel__generator': [ '7.27.0' ],
13 silly audit   '@types/babel__template': [ '7.4.4' ],
13 silly audit   '@types/babel__traverse': [ '7.28.0' ],
13 silly audit   '@types/estree': [ '1.0.9' ],
13 silly audit   '@types/pako': [ '2.0.4' ],
13 silly audit   '@types/raf': [ '3.4.3' ],
13 silly audit   '@types/trusted-types': [ '2.0.7' ],
13 silly audit   '@vitejs/plugin-react': [ '5.2.0' ],
13 silly audit   'base64-arraybuffer': [ '1.0.2' ],
13 silly audit   'baseline-browser-mapping': [ '2.11.17' ],
13 silly audit   browserslist: [ '4.28.8' ],
13 silly audit   'caniuse-lite': [ '1.0.30001809' ],
13 silly audit   canvg: [ '3.0.11' ],
13 silly audit   'convert-source-map': [ '2.0.0' ],
13 silly audit   'core-js': [ '3.50.0' ],
13 silly audit   'css-line-break': [ '2.1.0' ],
13 silly audit   debug: [ '4.4.3' ],
13 silly audit   dompurify: [ '3.4.14' ],
13 silly audit   'electron-to-chromium': [ '1.5.412' ],
13 silly audit   esbuild: [ '0.28.2' ],
13 silly audit   escalade: [ '3.2.0' ],
13 silly audit   'fast-png': [ '6.4.0' ],
13 silly audit   fflate: [ '0.8.3' ],
13 silly audit   fsevents: [ '2.3.3' ],
13 silly audit   gensync: [ '1.0.0-beta.2' ],
13 silly audit   html2canvas: [ '1.4.1' ],
13 silly audit   iobuffer: [ '5.4.0' ],
13 silly audit   jiti: [ '1.21.7' ],
13 silly audit   'js-tokens': [ '4.0.0' ],
13 silly audit   jsesc: [ '3.1.0' ],
13 silly audit   json5: [ '2.2.3' ],
13 silly audit   jspdf: [ '4.2.1' ],
13 silly audit   'jspdf-autotable': [ '5.0.8' ],
13 silly audit   'lru-cache': [ '5.1.1' ],
13 silly audit   ms: [ '2.1.3' ],
13 silly audit   nanoid: [ '3.3.18' ],
13 silly audit   'node-releases': [ '2.0.53' ],
13 silly audit   pako: [ '2.2.0' ],
13 silly audit   'performance-now': [ '2.1.0' ],
13 silly audit   picocolors: [ '1.1.1' ],
13 silly audit   picomatch: [ '4.0.5' ],
13 silly audit   postcss: [ '8.5.26' ],
13 silly audit   raf: [ '3.4.1' ],
13 silly audit   react: [ '19.2.8' ],
13 silly audit   'react-dom': [ '19.2.8' ],
13 silly audit   'react-refresh': [ '0.18.0' ],
13 silly audit   'regenerator-runtime': [ '0.13.11' ],
13 silly audit   rgbcolor: [ '1.0.1' ],
13 silly audit   rollup: [ '4.62.5' ],
13 silly audit   scheduler: [ '0.27.0' ],
13 silly audit   semver: [ '6.3.1' ],
13 silly audit   'source-map-js': [ '1.2.1' ],
13 silly audit   'stackblur-canvas': [ '2.7.0' ],
13 silly audit   'svg-pathdata': [ '6.0.3' ],
13 silly audit   'text-segmentation': [ '1.0.3' ],
13 silly audit   tinyglobby: [ '0.2.17' ],
13 silly audit   fdir: [ '6.5.0' ],
13 silly audit   'update-browserslist-db': [ '1.3.1' ],
13 silly audit   utrie: [ '1.0.2' ],
13 silly audit   vite: [ '7.3.6' ],
13 silly audit   yallist: [ '3.1.1' ]
13 silly audit }
14 silly audit bulk request failed undefined
15 verbose audit error FetchError: request to https://registry.npmjs.org/-/npm/v1/security/audits/quick failed, reason: 
15 verbose audit error     at ClientRequest.<anonymous> (C:\Program Files\nodejs\node_modules\npm\node_modules\minipass-fetch\lib\index.js:130:14)
15 verbose audit error     at ClientRequest.emit (node:events:519:28)
15 verbose audit error     at emitErrorEvent (node:_http_client:105:11)
15 verbose audit error     at _destroy (node:_http_client:898:9)
15 verbose audit error     at onSocketNT (node:_http_client:918:5)
15 verbose audit error     at process.processTicksAndRejections (node:internal/process/task_queues:91:21) {
15 verbose audit error   code: 'EACCES',
15 verbose audit error   errno: 'EACCES',
15 verbose audit error   type: 'system'
15 verbose audit error }
16 silly audit error undefined
17 silly audit report null
18 warn audit request to https://registry.npmjs.org/-/npm/v1/security/audits/quick failed, reason: 
19 error audit endpoint returned an error
20 verbose cwd C:\Coding\Work\client
21 verbose os Windows_NT 10.0.26200
22 verbose node v22.20.0
23 verbose npm  v10.9.3
24 verbose exit 1
25 verbose code 1
26 error A complete log of this run can be found in: C:\Coding\Work\client\.npm-cache\_logs\2026-08-22T11_04_34_645Z-debug-0.log
