0 verbose cli C:\Program Files\nodejs\node.exe C:\Program Files\nodejs\node_modules\npm\bin\npm-cli.js
1 info using npm@10.9.3
2 info using node@v22.20.0
3 silly config load:file:C:\Program Files\nodejs\node_modules\npm\npmrc
4 silly config load:file:C:\Coding\Work\client\.npmrc
5 silly config load:file:C:\Users\sk281\.npmrc
6 silly config load:file:C:\Users\sk281\AppData\Roaming\npm\etc\npmrc
7 verbose title npm audit
8 verbose argv "audit" "--omit" "dev" "--cache" ".\\.npm-cache"
9 verbose logfile logs-max:10 dir:C:\Coding\Work\client\.npm-cache\_logs\2026-08-22T11_01_52_491Z-
10 verbose logfile C:\Coding\Work\client\.npm-cache\_logs\2026-08-22T11_01_52_491Z-debug-0.log
11 silly logfile done cleaning log files
12 silly packumentCache heap:4345298944 maxSize:1086324736 maxEntrySize:543162368
13 silly audit bulk request {
13 silly audit   '@babel/code-frame': [ '7.29.7' ],
13 silly audit   '@babel/compat-data': [ '7.29.7' ],
13 silly audit   '@babel/core': [ '7.29.7' ],
13 silly audit   '@babel/generator': [ '7.29.8' ],
13 silly audit   '@babel/helper-compilation-targets': [ '7.29.7' ],
13 silly audit   '@babel/helper-globals': [ '7.29.7' ],
13 silly audit   '@babel/helper-module-imports': [ '7.29.7' ],
13 silly audit   '@babel/helper-module-transforms': [ '7.29.7' ],
13 silly audit   '@babel/helper-plugin-utils': [ '7.29.7' ],
13 silly audit   '@babel/helper-string-parser': [ '7.29.7' ],
13 silly audit   '@babel/helper-validator-identifier': [ '7.29.7' ],
13 silly audit   '@babel/helper-validator-option': [ '7.29.7' ],
13 silly audit   '@babel/helpers': [ '7.29.7' ],
13 silly audit   '@babel/parser': [ '7.29.8' ],
13 silly audit   '@babel/plugin-transform-react-jsx-self': [ '7.29.7' ],
13 silly audit   '@babel/plugin-transform-react-jsx-source': [ '7.29.7' ],
13 silly audit   '@babel/runtime': [ '7.29.7' ],
13 silly audit   '@babel/template': [ '7.29.7' ],
13 silly audit   '@babel/traverse': [ '7.29.8' ],
13 silly audit   '@babel/types': [ '7.29.8' ],
13 silly audit   '@esbuild/aix-ppc64': [ '0.28.2' ],
13 silly audit   '@esbuild/android-arm': [ '0.28.2' ],
13 silly audit   '@esbuild/android-arm64': [ '0.28.2' ],
13 silly audit   '@esbuild/android-x64': [ '0.28.2' ],
13 silly audit   '@esbuild/darwin-arm64': [ '0.28.2' ],
13 silly audit   '@esbuild/darwin-x64': [ '0.28.2' ],
13 silly audit   '@esbuild/freebsd-arm64': [ '0.28.2' ],
13 silly audit   '@esbuild/freebsd-x64': [ '0.28.2' ],
13 silly audit   '@esbuild/linux-arm': [ '0.28.2' ],
13 silly audit   '@esbuild/linux-arm64': [ '0.28.2' ],
13 silly audit   '@esbuild/linux-ia32': [ '0.28.2' ],
13 silly audit   '@esbuild/linux-loong64': [ '0.28.2' ],
13 silly audit   '@esbuild/linux-mips64el': [ '0.28.2' ],
13 silly audit   '@esbuild/linux-ppc64': [ '0.28.2' ],
13 silly audit   '@esbuild/linux-riscv64': [ '0.28.2' ],
13 silly audit   '@esbuild/linux-s390x': [ '0.28.2' ],
13 silly audit   '@esbuild/linux-x64': [ '0.28.2' ],
13 silly audit   '@esbuild/netbsd-arm64': [ '0.28.2' ],
13 silly audit   '@esbuild/netbsd-x64': [ '0.28.2' ],
13 silly audit   '@esbuild/openbsd-arm64': [ '0.28.2' ],
13 silly audit   '@esbuild/openbsd-x64': [ '0.28.2' ],
13 silly audit   '@esbuild/openharmony-arm64': [ '0.28.2' ],
13 silly audit   '@esbuild/sunos-x64': [ '0.28.2' ],
13 silly audit   '@esbuild/win32-arm64': [ '0.28.2' ],
13 silly audit   '@esbuild/win32-ia32': [ '0.28.2' ],
13 silly audit   '@esbuild/win32-x64': [ '0.28.2' ],
13 silly audit   '@jridgewell/gen-mapping': [ '0.3.13' ],
13 silly audit   '@jridgewell/remapping': [ '2.3.5' ],
13 silly audit   '@jridgewell/resolve-uri': [ '3.1.2' ],
13 silly audit   '@jridgewell/sourcemap-codec': [ '1.5.5' ],
13 silly audit   '@jridgewell/trace-mapping': [ '0.3.31' ],
13 silly audit   '@napi-rs/lzma-linux-x64-gnu': [ '1.5.1' ],
13 silly audit   '@rolldown/pluginutils': [ '1.0.0-rc.3' ],
13 silly audit   '@rollup/rollup-android-arm-eabi': [ '4.62.5' ],
13 silly audit   '@rollup/rollup-android-arm64': [ '4.62.5' ],
13 silly audit   '@rollup/rollup-darwin-arm64': [ '4.62.5' ],
13 silly audit   '@rollup/rollup-darwin-x64': [ '4.62.5' ],
13 silly audit   '@rollup/rollup-freebsd-arm64': [ '4.62.5' ],
13 silly audit   '@rollup/rollup-freebsd-x64': [ '4.62.5' ],
13 silly audit   '@rollup/rollup-linux-arm-gnueabihf': [ '4.62.5' ],
13 silly audit   '@rollup/rollup-linux-arm-musleabihf': [ '4.62.5' ],
13 silly audit   '@rollup/rollup-linux-arm64-gnu': [ '4.62.5' ],
13 silly audit   '@rollup/rollup-linux-arm64-musl': [ '4.62.5' ],
13 silly audit   '@rollup/rollup-linux-loong64-gnu': [ '4.62.5' ],
13 silly audit   '@rollup/rollup-linux-loong64-musl': [ '4.62.5' ],
13 silly audit   '@rollup/rollup-linux-ppc64-gnu': [ '4.62.5' ],
13 silly audit   '@rollup/rollup-linux-ppc64-musl': [ '4.62.5' ],
13 silly audit   '@rollup/rollup-linux-riscv64-gnu': [ '4.62.5' ],
13 silly audit   '@rollup/rollup-linux-riscv64-musl': [ '4.62.5' ],
13 silly audit   '@rollup/rollup-linux-s390x-gnu': [ '4.62.5' ],
13 silly audit   '@rollup/rollup-linux-x64-gnu': [ '4.62.5' ],
13 silly audit   '@rollup/rollup-linux-x64-musl': [ '4.62.5' ],
13 silly audit   '@rollup/rollup-openbsd-x64': [ '4.62.5' ],
13 silly audit   '@rollup/rollup-openharmony-arm64': [ '4.62.5' ],
13 silly audit   '@rollup/rollup-win32-arm64-msvc': [ '4.62.5' ],
13 silly audit   '@rollup/rollup-win32-ia32-msvc': [ '4.62.5' ],
13 silly audit   '@rollup/rollup-win32-x64-gnu': [ '4.62.5' ],
13 silly audit   '@rollup/rollup-win32-x64-msvc': [ '4.62.5' ],
13 silly audit   '@types/babel__core': [ '7.20.5' ],
13 silly audit   '@types/babel__generator': [ '7.27.0' ],
13 silly audit   '@types/babel__template': [ '7.4.4' ],
13 silly audit   '@types/babel__traverse': [ '7.28.0' ],
13 silly audit   '@types/estree': [ '1.0.9' ],
13 silly audit   '@types/raf': [ '3.4.3' ],
13 silly audit   '@vitejs/plugin-react': [ '5.2.0' ],
13 silly audit   atob: [ '2.1.2' ],
13 silly audit   'base64-arraybuffer': [ '1.0.2' ],
13 silly audit   'baseline-browser-mapping': [ '2.11.17' ],
13 silly audit   browserslist: [ '4.28.8' ],
13 silly audit   btoa: [ '1.2.1' ],
13 silly audit   'caniuse-lite': [ '1.0.30001809' ],
13 silly audit   canvg: [ '3.0.11' ],
13 silly audit   'convert-source-map': [ '2.0.0' ],
13 silly audit   'core-js': [ '3.50.0' ],
13 silly audit   'css-line-break': [ '2.1.0' ],
13 silly audit   debug: [ '4.4.3' ],
13 silly audit   dompurify: [ '2.5.9' ],
13 silly audit   'electron-to-chromium': [ '1.5.412' ],
13 silly audit   esbuild: [ '0.28.2' ],
13 silly audit   escalade: [ '3.2.0' ],
13 silly audit   fflate: [ '0.8.3' ],
13 silly audit   fsevents: [ '2.3.3' ],
13 silly audit   gensync: [ '1.0.0-beta.2' ],
13 silly audit   html2canvas: [ '1.4.1' ],
13 silly audit   jiti: [ '1.21.7' ],
13 silly audit   'js-tokens': [ '4.0.0' ],
13 silly audit   jsesc: [ '3.1.0' ],
13 silly audit   json5: [ '2.2.3' ],
13 silly audit   jspdf: [ '2.5.2' ],
13 silly audit   'jspdf-autotable': [ '3.8.4' ],
13 silly audit   'lru-cache': [ '5.1.1' ],
13 silly audit   ms: [ '2.1.3' ],
13 silly audit   nanoid: [ '3.3.18' ],
13 silly audit   'node-releases': [ '2.0.53' ],
13 silly audit   'performance-now': [ '2.1.0' ],
13 silly audit   picocolors: [ '1.1.1' ],
13 silly audit   picomatch: [ '4.0.5' ],
13 silly audit   postcss: [ '8.5.26' ],
13 silly audit   raf: [ '3.4.1' ],
13 silly audit   react: [ '19.2.8' ],
13 silly audit   'react-dom': [ '19.2.8' ],
13 silly audit   'react-refresh': [ '0.18.0' ],
13 silly audit   'regenerator-runtime': [ '0.13.11' ],
13 silly audit   rgbcolor: [ '1.0.1' ],
13 silly audit   rollup: [ '4.62.5' ],
13 silly audit   scheduler: [ '0.27.0' ],
13 silly audit   semver: [ '6.3.1' ],
13 silly audit   'source-map-js': [ '1.2.1' ],
13 silly audit   'stackblur-canvas': [ '2.7.0' ],
13 silly audit   'svg-pathdata': [ '6.0.3' ],
13 silly audit   'text-segmentation': [ '1.0.3' ],
13 silly audit   tinyglobby: [ '0.2.17' ],
13 silly audit   fdir: [ '6.5.0' ],
13 silly audit   'update-browserslist-db': [ '1.3.1' ],
13 silly audit   utrie: [ '1.0.2' ],
13 silly audit   vite: [ '7.3.6' ],
13 silly audit   yallist: [ '3.1.1' ]
13 silly audit }
14 http fetch GET 200 https://registry.npmjs.org/npm 417ms
15 http fetch POST 200 https://registry.npmjs.org/-/npm/v1/security/advisories/bulk 428ms
16 silly audit report {
16 silly audit report   dompurify: [
16 silly audit report     {
16 silly audit report       id: 1105772,
16 silly audit report       url: 'https://github.com/advisories/GHSA-vhxf-7vqr-mrjg',
16 silly audit report       title: 'DOMPurify allows Cross-site Scripting (XSS)',
16 silly audit report       severity: 'moderate',
16 silly audit report       vulnerable_versions: '<3.2.4',
16 silly audit report       cwe: [Array],
16 silly audit report       cvss: [Object]
16 silly audit report     },
16 silly audit report     {
16 silly audit report       id: 1120802,
16 silly audit report       url: 'https://github.com/advisories/GHSA-hpcv-96wg-7vj8',
16 silly audit report       title: 'DOMPurify: Cross-realm IN_PLACE sanitization leaves executable markup intact via realm-bound `instanceof` checks',
16 silly audit report       severity: 'moderate',
16 silly audit report       vulnerable_versions: '<=3.4.5',
16 silly audit report       cwe: [Array],
16 silly audit report       cvss: [Object]
16 silly audit report     },
16 silly audit report     {
16 silly audit report       id: 1120803,
16 silly audit report       url: 'https://github.com/advisories/GHSA-r47g-fvhr-h676',
16 silly audit report       title: 'DOMPurify: IN_PLACE mode preserves attributes of a clobbered root element, allowing XSS via attacker-controlled root DOM',
16 silly audit report       severity: 'moderate',
16 silly audit report       vulnerable_versions: '<=3.4.5',
16 silly audit report       cwe: [Array],
16 silly audit report       cvss: [Object]
16 silly audit report     },
16 silly audit report     {
16 silly audit report       id: 1120813,
16 silly audit report       url: 'https://github.com/advisories/GHSA-rp9w-3fw7-7cwq',
16 silly audit report       title: 'DOMPurify IN_PLACE Sanitization Bypass via Attached Shadow Root Inside <template>.content',
16 silly audit report       severity: 'moderate',
16 silly audit report       vulnerable_versions: '<=3.4.6',
16 silly audit report       cwe: [Array],
16 silly audit report       cvss: [Object]
16 silly audit report     },
16 silly audit report     {
16 silly audit report       id: 1117138,
16 silly audit report       url: 'https://github.com/advisories/GHSA-h7mw-gpvr-xq4m',
16 silly audit report       title: 'DOMPurify: FORBID_TAGS bypassed by function-based ADD_TAGS predicate (asymmetry with FORBID_ATTR fix)',
16 silly audit report       severity: 'moderate',
16 silly audit report       vulnerable_versions: '<3.4.0',
16 silly audit report       cwe: [Array],
16 silly audit report       cvss: [Object]
16 silly audit report     },
16 silly audit report     {
16 silly audit report       id: 1117139,
16 silly audit report       url: 'https://github.com/advisories/GHSA-crv5-9vww-q3g8',
16 silly audit report       title: 'DOMPurify has a SAFE_FOR_TEMPLATES bypass in RETURN_DOM mode',
16 silly audit report       severity: 'moderate',
16 silly audit report       vulnerable_versions: '>=1.0.10 <3.4.0',
16 silly audit report       cwe: [Array],
16 silly audit report       cvss: [Object]
16 silly audit report     },
16 silly audit report     {
16 silly audit report       id: 1124022,
16 silly audit report       url: 'https://github.com/advisories/GHSA-c2j3-45gr-mqc4',
16 silly audit report       title: 'DOMPurify: `CUSTOM_ELEMENT_HANDLING` bypasses `afterSanitizeElements` for allowed custom elements.',
16 silly audit report       severity: 'low',
16 silly audit report       vulnerable_versions: '<=3.4.11',
16 silly audit report       cwe: [Array],
16 silly audit report       cvss: [Object]
16 silly audit report     },
16 silly audit report     {
16 silly audit report       id: 1124233,
16 silly audit report       url: 'https://github.com/advisories/GHSA-cmwh-pvxp-8882',
16 silly audit report       title: 'DOMPurify: Permanent `ALLOWED_ATTR` pollution via `setConfig()` bypassing the hook clone-guard (incomplete fix of the 3.4.7 hook-pollution patch)',
16 silly audit report       severity: 'moderate',
16 silly audit report       vulnerable_versions: '<=3.4.10',
16 silly audit report       cwe: [Array],
16 silly audit report       cvss: [Object]
16 silly audit report     },
16 silly audit report     {
16 silly audit report       id: 1124234,
16 silly audit report       url: 'https://github.com/advisories/GHSA-vxr8-fq34-vvx9',
16 silly audit report       title: 'DOMPurify: Trusted Types policy survives `clearConfig()` and can poison later `RETURN_TRUSTED_TYPE` output',
16 silly audit report       severity: 'low',
16 silly audit report       vulnerable_versions: '<3.4.9',
16 silly audit report       cwe: [Array],
16 silly audit report       cvss: [Object]
16 silly audit report     },
16 silly audit report     {
16 silly audit report       id: 1124236,
16 silly audit report       url: 'https://github.com/advisories/GHSA-x4vx-rjvf-j5p4',
16 silly audit report       title: 'DOMPurify: `IN_PLACE` mode trusts attacker-controlled `nodeName` on live non-form nodes, allowing script retention and XSS via attacker-supplied DOM objects',
16 silly audit report       severity: 'low',
16 silly audit report       vulnerable_versions: '<=3.4.6',
16 silly audit report       cwe: [Array],
16 silly audit report       cvss: [Object]
16 silly audit report     },
16 silly audit report     {
16 silly audit report       id: 1124237,
16 silly audit report       url: 'https://github.com/advisories/GHSA-76mc-f452-cxcm',
16 silly audit report       title: 'DOMPurify: Hook mutation of `data.allowedTags` / `data.allowedAttributes` permanently pollutes `DEFAULT_ALLOWED_TAGS` / `DEFAULT_ALLOWED_ATTR`',
16 silly audit report       severity: 'moderate',
16 silly audit report       vulnerable_versions: '<3.4.7',
16 silly audit report       cwe: [Array],
16 silly audit report       cvss: [Object]
16 silly audit report     },
16 silly audit report     {
16 silly audit report       id: 1124238,
16 silly audit report       url: 'https://github.com/advisories/GHSA-39q2-94rc-95cp',
16 silly audit report       title: "DOMPurify's ADD_TAGS function form bypasses FORBID_TAGS due to short-circuit evaluation",
16 silly audit report       severity: 'moderate',
16 silly audit report       vulnerable_versions: '<=3.3.3',
16 silly audit report       cwe: [Array],
16 silly audit report       cvss: [Object]
16 silly audit report     },
16 silly audit report     {
16 silly audit report       id: 1124239,
16 silly audit report       url: 'https://github.com/advisories/GHSA-cjmm-f4jc-qw8r',
16 silly audit report       title: 'DOMPurify ADD_ATTR predicate skips URI validation',
16 silly audit report       severity: 'moderate',
16 silly audit report       vulnerable_versions: '<=3.3.1',
16 silly audit report       cwe: [Array],
16 silly audit report       cvss: [Object]
16 silly audit report     },
16 silly audit report     {
16 silly audit report       id: 1124240,
16 silly audit report       url: 'https://github.com/advisories/GHSA-cj63-jhhr-wcxv',
16 silly audit report       title: 'DOMPurify USE_PROFILES prototype pollution allows event handlers',
16 silly audit report       severity: 'moderate',
16 silly audit report       vulnerable_versions: '<=3.3.1',
16 silly audit report       cwe: [Array],
16 silly audit report       cvss: [Object]
16 silly audit report     },
16 silly audit report     {
16 silly audit report       id: 1124241,
16 silly audit report       url: 'https://github.com/advisories/GHSA-h8r8-wccr-v5f2',
16 silly audit report       title: 'DOMPurify is vulnerable to mutation-XSS via Re-Contextualization ',
16 silly audit report       severity: 'moderate',
16 silly audit report       vulnerable_versions: '<3.3.2',
16 silly audit report       cwe: [Array],
16 silly audit report       cvss: [Object]
16 silly audit report     },
16 silly audit report     {
16 silly audit report       id: 1138538,
16 silly audit report       url: 'https://github.com/advisories/GHSA-55q2-fjhq-7xh7',
16 silly audit report       title: 'DOMPurify: IN_PLACE hook removal leaves a detached subtree executable, causing XSS',
16 silly audit report       severity: 'moderate',
16 silly audit report       vulnerable_versions: '<=3.4.12',
16 silly audit report       cwe: [Array],
16 silly audit report       cvss: [Object]
16 silly audit report     }
16 silly audit report   ],
16 silly audit report   jspdf: [
16 silly audit report     {
16 silly audit report       id: 1103308,
16 silly audit report       url: 'https://github.com/advisories/GHSA-w532-jxjh-hjhj',
16 silly audit report       title: 'jsPDF Bypass Regular Expression Denial of Service (ReDoS)',
16 silly audit report       severity: 'high',
16 silly audit report       vulnerable_versions: '<3.0.1',
16 silly audit report       cwe: [Array],
16 silly audit report       cvss: [Object]
16 silly audit report     },
16 silly audit report     {
16 silly audit report       id: 1107412,
16 silly audit report       url: 'https://github.com/advisories/GHSA-8mvj-3j78-4qmw',
16 silly audit report       title: 'jsPDF Denial of Service (DoS)',
16 silly audit report       severity: 'high',
16 silly audit report       vulnerable_versions: '<=3.0.1',
16 silly audit report       cwe: [Array],
16 silly audit report       cvss: [Object]
16 silly audit report     },
16 silly audit report     {
16 silly audit report       id: 1112264,
16 silly audit report       url: 'https://github.com/advisories/GHSA-f8cm-6447-x5h2',
16 silly audit report       title: 'jsPDF has Local File Inclusion/Path Traversal vulnerability',
16 silly audit report       severity: 'critical',
16 silly audit report       vulnerable_versions: '<=3.0.4',
16 silly audit report       cwe: [Array],
16 silly audit report       cvss: [Object]
16 silly audit report     },
16 silly audit report     {
16 silly audit report       id: 1112801,
16 silly audit report       url: 'https://github.com/advisories/GHSA-pqxr-3g65-p328',
16 silly audit report       title: 'jsPDF has PDF Injection in AcroFormChoiceField that allows Arbitrary JavaScript Execution',
16 silly audit report       severity: 'high',
16 silly audit report       vulnerable_versions: '<=4.0.0',
16 silly audit report       cwe: [Array],
16 silly audit report       cvss: [Object]
16 silly audit report     },
16 silly audit report     {
16 silly audit report       id: 1112802,
16 silly audit report       url: 'https://github.com/advisories/GHSA-95fx-jjr5-f39c',
16 silly audit report       title: 'jsPDF Vulnerable to Denial of Service (DoS) via Unvalidated BMP Dimensions in BMPDecoder',
16 silly audit report       severity: 'high',
16 silly audit report       vulnerable_versions: '<=4.0.0',
16 silly audit report       cwe: [Array],
16 silly audit report       cvss: [Object]
16 silly audit report     },
16 silly audit report     {
16 silly audit report       id: 1112803,
16 silly audit report       url: 'https://github.com/advisories/GHSA-vm32-vv63-w422',
16 silly audit report       title: 'jsPDF Vulnerable to Stored XMP Metadata Injection (Spoofing & Integrity Violation)',
16 silly audit report       severity: 'moderate',
16 silly audit report       vulnerable_versions: '<=4.0.0',
16 silly audit report       cwe: [Array],
16 silly audit report       cvss: [Object]
16 silly audit report     },
16 silly audit report     {
16 silly audit report       id: 1112804,
16 silly audit report       url: 'https://github.com/advisories/GHSA-cjw8-79x6-5cj4',
16 silly audit report       title: 'jsPDF has Shared State Race Condition in addJS Plugin',
16 silly audit report       severity: 'moderate',
16 silly audit report       vulnerable_versions: '<=4.0.0',
16 silly audit report       cwe: [Array],
16 silly audit report       cvss: [Object]
16 silly audit report     },
16 silly audit report     {
16 silly audit report       id: 1113310,
16 silly audit report       url: 'https://github.com/advisories/GHSA-9vjf-qc39-jprp',
16 silly audit report       title: 'jsPDF has a PDF Object Injection via Unsanitized Input in addJS Method',
16 silly audit report       severity: 'high',
16 silly audit report       vulnerable_versions: '<4.2.0',
16 silly audit report       cwe: [Array],
16 silly audit report       cvss: [Object]
16 silly audit report     },
16 silly audit report     {
16 silly audit report       id: 1113324,
16 silly audit report       url: 'https://github.com/advisories/GHSA-67pg-wm7f-q7fj',
16 silly audit report       title: 'jsPDF Affected by Client-Side/Server-Side Denial of Service via Malicious GIF Dimensions',
16 silly audit report       severity: 'high',
16 silly audit report       vulnerable_versions: '<4.2.0',
16 silly audit report       cwe: [Array],
16 silly audit report       cvss: [Object]
16 silly audit report     },
16 silly audit report     {
16 silly audit report       id: 1114396,
16 silly audit report       url: 'https://github.com/advisories/GHSA-p5xg-68wr-hm3m',
16 silly audit report       title: 'jsPDF has a PDF Injection in AcroForm module allows Arbitrary JavaScript Execution (RadioButton.createOption and "AS" property)',
16 silly audit report       severity: 'high',
16 silly audit report       vulnerable_versions: '<4.2.0',
16 silly audit report       cwe: [Array],
16 silly audit report       cvss: [Object]
16 silly audit report     },
16 silly audit report     {
16 silly audit report       id: 1114950,
16 silly audit report       url: 'https://github.com/advisories/GHSA-7x6v-j9x4-qf24',
16 silly audit report       title: 'jsPDF has a PDF Object Injection via FreeText color',
16 silly audit report       severity: 'high',
16 silly audit report       vulnerable_versions: '<=4.2.0',
16 silly audit report       cwe: [Array],
16 silly audit report       cvss: [Object]
16 silly audit report     },
16 silly audit report     {
16 silly audit report       id: 1114974,
16 silly audit report       url: 'https://github.com/advisories/GHSA-wfv2-pwc8-crg5',
16 silly audit report       title: 'jsPDF has HTML Injection in New Window paths',
16 silly audit report       severity: 'critical',
16 silly audit report       vulnerable_versions: '<=4.2.0',
16 silly audit report       cwe: [Array],
16 silly audit report       cvss: [Object]
16 silly audit report     }
16 silly audit report   ]
16 silly audit report }
17 silly packumentCache corgi:https://registry.npmjs.org/dompurify cache-miss
18 silly packumentCache corgi:https://registry.npmjs.org/jspdf cache-miss
19 http fetch GET 200 https://registry.npmjs.org/dompurify 97ms (cache miss)
20 silly packumentCache corgi:https://registry.npmjs.org/dompurify set size:undefined disposed:false
21 http fetch GET 200 https://registry.npmjs.org/jspdf 113ms (cache miss)
22 silly packumentCache corgi:https://registry.npmjs.org/jspdf set size:undefined disposed:false
23 silly packumentCache corgi:https://registry.npmjs.org/jspdf-autotable cache-miss
24 http fetch GET 200 https://registry.npmjs.org/jspdf-autotable 363ms (cache miss)
25 silly packumentCache corgi:https://registry.npmjs.org/jspdf-autotable set size:undefined disposed:false
26 verbose cwd C:\Coding\Work\client
27 verbose os Windows_NT 10.0.26200
28 verbose node v22.20.0
29 verbose npm  v10.9.3
30 notice
30 notice New major version of npm available! 10.9.3 -> 12.0.2
30 notice Changelog: https://github.com/npm/cli/releases/tag/v12.0.2
30 notice To update run: npm install -g npm@12.0.2
30 notice  { force: true, [Symbol(proc-log.meta)]: true }
31 verbose exit 1
32 verbose code 1
