0 verbose cli C:\Program Files\nodejs\node.exe C:\Program Files\nodejs\node_modules\npm\bin\npm-cli.js
1 info using npm@10.9.3
2 info using node@v22.20.0
3 silly config load:file:C:\Program Files\nodejs\node_modules\npm\npmrc
4 silly config load:file:C:\Coding\Work\client\.npmrc
5 silly config load:file:C:\Users\sk281\.npmrc
6 silly config load:file:C:\Users\sk281\AppData\Roaming\npm\etc\npmrc
7 verbose title npm install jspdf@4.2.1 jspdf-autotable@latest
8 verbose argv "install" "jspdf@4.2.1" "jspdf-autotable@latest" "--cache" ".\\.npm-cache"
9 verbose logfile logs-max:10 dir:C:\Coding\Work\client\.npm-cache\_logs\2026-08-22T11_03_41_715Z-
10 verbose logfile C:\Coding\Work\client\.npm-cache\_logs\2026-08-22T11_03_41_715Z-debug-0.log
11 silly logfile done cleaning log files
12 silly packumentCache heap:4345298944 maxSize:1086324736 maxEntrySize:543162368
13 silly packumentCache corgi:https://registry.npmjs.org/jspdf-autotable cache-miss
14 http cache https://registry.npmjs.org/jspdf-autotable 32ms (cache hit)
15 silly packumentCache corgi:https://registry.npmjs.org/jspdf-autotable set size:194991 disposed:false
16 silly idealTree buildDeps
17 silly fetch manifest jspdf@4.2.1
18 silly packumentCache full:https://registry.npmjs.org/jspdf cache-miss
19 http fetch GET 200 https://registry.npmjs.org/jspdf 244ms (cache miss)
20 silly packumentCache full:https://registry.npmjs.org/jspdf set size:undefined disposed:false
21 silly fetch manifest jspdf-autotable@5.0.8
22 silly packumentCache full:https://registry.npmjs.org/jspdf-autotable cache-miss
23 http fetch GET 200 https://registry.npmjs.org/jspdf-autotable 141ms (cache miss)
24 silly packumentCache full:https://registry.npmjs.org/jspdf-autotable set size:undefined disposed:false
25 silly placeDep ROOT jspdf@4.2.1 REPLACE for: sbi-gold-appraiser-certificate@0.1.0 want: 4.2.1
26 silly placeDep ROOT jspdf-autotable@5.0.8 REPLACE for: sbi-gold-appraiser-certificate@0.1.0 want: 5.0.8
27 silly fetch manifest fast-png@^6.2.0
28 silly packumentCache full:https://registry.npmjs.org/fast-png cache-miss
29 silly fetch manifest dompurify@^3.3.1
30 silly packumentCache full:https://registry.npmjs.org/dompurify cache-miss
31 http fetch GET 200 https://registry.npmjs.org/dompurify 252ms (cache miss)
32 silly packumentCache full:https://registry.npmjs.org/dompurify set size:undefined disposed:false
33 http fetch GET 200 https://registry.npmjs.org/fast-png 308ms (cache miss)
34 silly packumentCache full:https://registry.npmjs.org/fast-png set size:undefined disposed:false
35 silly placeDep ROOT dompurify@3.4.14 OK for: jspdf@4.2.1 want: ^3.3.1
36 silly placeDep ROOT fast-png@6.4.0 OK for: jspdf@4.2.1 want: ^6.2.0
37 silly fetch manifest @types/trusted-types@^2.0.7
38 silly packumentCache full:https://registry.npmjs.org/@types%2ftrusted-types cache-miss
39 silly fetch manifest pako@^2.1.0
40 silly packumentCache full:https://registry.npmjs.org/pako cache-miss
41 silly fetch manifest iobuffer@^5.3.2
42 silly packumentCache full:https://registry.npmjs.org/iobuffer cache-miss
43 silly fetch manifest @types/pako@^2.0.3
44 silly packumentCache full:https://registry.npmjs.org/@types%2fpako cache-miss
45 http fetch GET 200 https://registry.npmjs.org/@types%2ftrusted-types 60ms (cache miss)
46 silly packumentCache full:https://registry.npmjs.org/@types%2ftrusted-types set size:undefined disposed:false
47 http fetch GET 200 https://registry.npmjs.org/pako 65ms (cache miss)
48 silly packumentCache full:https://registry.npmjs.org/pako set size:undefined disposed:false
49 http fetch GET 200 https://registry.npmjs.org/iobuffer 218ms (cache miss)
50 silly packumentCache full:https://registry.npmjs.org/iobuffer set size:undefined disposed:false
51 http fetch GET 200 https://registry.npmjs.org/@types%2fpako 680ms (cache miss)
52 silly packumentCache full:https://registry.npmjs.org/@types%2fpako set size:undefined disposed:false
53 silly placeDep ROOT @types/trusted-types@2.0.7 OK for: dompurify@3.4.14 want: ^2.0.7
54 silly placeDep ROOT @types/pako@2.0.4 OK for: fast-png@6.4.0 want: ^2.0.3
55 silly placeDep ROOT iobuffer@5.4.0 OK for: fast-png@6.4.0 want: ^5.3.2
56 silly placeDep ROOT pako@2.2.0 OK for: fast-png@6.4.0 want: ^2.1.0
57 silly reify mark retired [
57 silly reify   'C:\\Coding\\Work\\client\\node_modules\\atob',
57 silly reify   'C:\\Coding\\Work\\client\\node_modules\\.bin\\atob',
57 silly reify   'C:\\Coding\\Work\\client\\node_modules\\.bin\\atob.cmd',
57 silly reify   'C:\\Coding\\Work\\client\\node_modules\\.bin\\atob.ps1'
57 silly reify ]
58 silly reify mark retired [
58 silly reify   'C:\\Coding\\Work\\client\\node_modules\\btoa',
58 silly reify   'C:\\Coding\\Work\\client\\node_modules\\.bin\\btoa',
58 silly reify   'C:\\Coding\\Work\\client\\node_modules\\.bin\\btoa.cmd',
58 silly reify   'C:\\Coding\\Work\\client\\node_modules\\.bin\\btoa.ps1'
58 silly reify ]
59 silly reify mark retired [ 'C:\\Coding\\Work\\client\\node_modules\\dompurify' ]
60 silly reify mark retired [ 'C:\\Coding\\Work\\client\\node_modules\\jspdf' ]
61 silly reify mark retired [ 'C:\\Coding\\Work\\client\\node_modules\\jspdf-autotable' ]
62 silly reify moves {
62 silly reify   'C:\\Coding\\Work\\client\\node_modules\\atob': 'C:\\Coding\\Work\\client\\node_modules\\.atob-MKxoFkka',
62 silly reify   'C:\\Coding\\Work\\client\\node_modules\\.bin\\atob': 'C:\\Coding\\Work\\client\\node_modules\\.bin\\.atob-3v9dmITW',
62 silly reify   'C:\\Coding\\Work\\client\\node_modules\\.bin\\atob.cmd': 'C:\\Coding\\Work\\client\\node_modules\\.bin\\.atob.cmd-8qqJc0H5',
62 silly reify   'C:\\Coding\\Work\\client\\node_modules\\.bin\\atob.ps1': 'C:\\Coding\\Work\\client\\node_modules\\.bin\\.atob.ps1-5hKDgUiC',
62 silly reify   'C:\\Coding\\Work\\client\\node_modules\\btoa': 'C:\\Coding\\Work\\client\\node_modules\\.btoa-e4wsZoNX',
62 silly reify   'C:\\Coding\\Work\\client\\node_modules\\.bin\\btoa': 'C:\\Coding\\Work\\client\\node_modules\\.bin\\.btoa-uEaUy63e',
62 silly reify   'C:\\Coding\\Work\\client\\node_modules\\.bin\\btoa.cmd': 'C:\\Coding\\Work\\client\\node_modules\\.bin\\.btoa.cmd-mHgpc2sB',
62 silly reify   'C:\\Coding\\Work\\client\\node_modules\\.bin\\btoa.ps1': 'C:\\Coding\\Work\\client\\node_modules\\.bin\\.btoa.ps1-vp9RewZm',
62 silly reify   'C:\\Coding\\Work\\client\\node_modules\\dompurify': 'C:\\Coding\\Work\\client\\node_modules\\.dompurify-dPhJAudx',
62 silly reify   'C:\\Coding\\Work\\client\\node_modules\\jspdf': 'C:\\Coding\\Work\\client\\node_modules\\.jspdf-4d6o9uke',
62 silly reify   'C:\\Coding\\Work\\client\\node_modules\\jspdf-autotable': 'C:\\Coding\\Work\\client\\node_modules\\.jspdf-autotable-dGtBT2Xb'
62 silly reify }
63 silly audit bulk request {
63 silly audit   '@alloc/quick-lru': [ '5.2.0' ],
63 silly audit   '@babel/code-frame': [ '7.29.7' ],
63 silly audit   '@babel/compat-data': [ '7.29.7' ],
63 silly audit   '@babel/core': [ '7.29.7' ],
63 silly audit   '@babel/generator': [ '7.29.8' ],
63 silly audit   '@babel/helper-compilation-targets': [ '7.29.7' ],
63 silly audit   '@babel/helper-globals': [ '7.29.7' ],
63 silly audit   '@babel/helper-module-imports': [ '7.29.7' ],
63 silly audit   '@babel/helper-module-transforms': [ '7.29.7' ],
63 silly audit   '@babel/helper-plugin-utils': [ '7.29.7' ],
63 silly audit   '@babel/helper-string-parser': [ '7.29.7' ],
63 silly audit   '@babel/helper-validator-identifier': [ '7.29.7' ],
63 silly audit   '@babel/helper-validator-option': [ '7.29.7' ],
63 silly audit   '@babel/helpers': [ '7.29.7' ],
63 silly audit   '@babel/parser': [ '7.29.8' ],
63 silly audit   '@babel/plugin-transform-react-jsx-self': [ '7.29.7' ],
63 silly audit   '@babel/plugin-transform-react-jsx-source': [ '7.29.7' ],
63 silly audit   '@babel/runtime': [ '7.29.7' ],
63 silly audit   '@babel/template': [ '7.29.7' ],
63 silly audit   '@babel/traverse': [ '7.29.8' ],
63 silly audit   '@babel/types': [ '7.29.8' ],
63 silly audit   '@esbuild/aix-ppc64': [ '0.28.2' ],
63 silly audit   '@esbuild/android-arm': [ '0.28.2' ],
63 silly audit   '@esbuild/android-arm64': [ '0.28.2' ],
63 silly audit   '@esbuild/android-x64': [ '0.28.2' ],
63 silly audit   '@esbuild/darwin-arm64': [ '0.28.2' ],
63 silly audit   '@esbuild/darwin-x64': [ '0.28.2' ],
63 silly audit   '@esbuild/freebsd-arm64': [ '0.28.2' ],
63 silly audit   '@esbuild/freebsd-x64': [ '0.28.2' ],
63 silly audit   '@esbuild/linux-arm': [ '0.28.2' ],
63 silly audit   '@esbuild/linux-arm64': [ '0.28.2' ],
63 silly audit   '@esbuild/linux-ia32': [ '0.28.2' ],
63 silly audit   '@esbuild/linux-loong64': [ '0.28.2' ],
63 silly audit   '@esbuild/linux-mips64el': [ '0.28.2' ],
63 silly audit   '@esbuild/linux-ppc64': [ '0.28.2' ],
63 silly audit   '@esbuild/linux-riscv64': [ '0.28.2' ],
63 silly audit   '@esbuild/linux-s390x': [ '0.28.2' ],
63 silly audit   '@esbuild/linux-x64': [ '0.28.2' ],
63 silly audit   '@esbuild/netbsd-arm64': [ '0.28.2' ],
63 silly audit   '@esbuild/netbsd-x64': [ '0.28.2' ],
63 silly audit   '@esbuild/openbsd-arm64': [ '0.28.2' ],
63 silly audit   '@esbuild/openbsd-x64': [ '0.28.2' ],
63 silly audit   '@esbuild/openharmony-arm64': [ '0.28.2' ],
63 silly audit   '@esbuild/sunos-x64': [ '0.28.2' ],
63 silly audit   '@esbuild/win32-arm64': [ '0.28.2' ],
63 silly audit   '@esbuild/win32-ia32': [ '0.28.2' ],
63 silly audit   '@esbuild/win32-x64': [ '0.28.2' ],
63 silly audit   '@eslint-community/eslint-utils': [ '4.10.1' ],
63 silly audit   'eslint-visitor-keys': [ '3.4.3', '4.2.1' ],
63 silly audit   '@eslint-community/regexpp': [ '4.12.2' ],
63 silly audit   '@eslint/config-array': [ '0.21.2' ],
63 silly audit   '@eslint/config-helpers': [ '0.4.2' ],
63 silly audit   '@eslint/core': [ '0.17.0' ],
63 silly audit   '@eslint/eslintrc': [ '3.3.6' ],
63 silly audit   globals: [ '14.0.0', '15.15.0' ],
63 silly audit   '@eslint/js': [ '9.39.5' ],
63 silly audit   '@eslint/object-schema': [ '2.1.7' ],
63 silly audit   '@eslint/plugin-kit': [ '0.4.1' ],
63 silly audit   '@humanfs/core': [ '0.19.2' ],
63 silly audit   '@humanfs/node': [ '0.16.8' ],
63 silly audit   '@humanfs/types': [ '0.15.0' ],
63 silly audit   '@humanwhocodes/module-importer': [ '1.0.1' ],
63 silly audit   '@humanwhocodes/retry': [ '0.4.3' ],
63 silly audit   '@jridgewell/gen-mapping': [ '0.3.13' ],
63 silly audit   '@jridgewell/remapping': [ '2.3.5' ],
63 silly audit   '@jridgewell/resolve-uri': [ '3.1.2' ],
63 silly audit   '@jridgewell/sourcemap-codec': [ '1.5.5' ],
63 silly audit   '@jridgewell/trace-mapping': [ '0.3.31' ],
63 silly audit   '@napi-rs/lzma-linux-x64-gnu': [ '1.5.1' ],
63 silly audit   '@nodelib/fs.scandir': [ '2.1.5' ],
63 silly audit   '@nodelib/fs.stat': [ '2.0.5' ],
63 silly audit   '@nodelib/fs.walk': [ '1.2.8' ],
63 silly audit   '@rolldown/pluginutils': [ '1.0.0-rc.3' ],
63 silly audit   '@rollup/rollup-android-arm-eabi': [ '4.62.5' ],
63 silly audit   '@rollup/rollup-android-arm64': [ '4.62.5' ],
63 silly audit   '@rollup/rollup-darwin-arm64': [ '4.62.5' ],
63 silly audit   '@rollup/rollup-darwin-x64': [ '4.62.5' ],
63 silly audit   '@rollup/rollup-freebsd-arm64': [ '4.62.5' ],
63 silly audit   '@rollup/rollup-freebsd-x64': [ '4.62.5' ],
63 silly audit   '@rollup/rollup-linux-arm-gnueabihf': [ '4.62.5' ],
63 silly audit   '@rollup/rollup-linux-arm-musleabihf': [ '4.62.5' ],
63 silly audit   '@rollup/rollup-linux-arm64-gnu': [ '4.62.5' ],
63 silly audit   '@rollup/rollup-linux-arm64-musl': [ '4.62.5' ],
63 silly audit   '@rollup/rollup-linux-loong64-gnu': [ '4.62.5' ],
63 silly audit   '@rollup/rollup-linux-loong64-musl': [ '4.62.5' ],
63 silly audit   '@rollup/rollup-linux-ppc64-gnu': [ '4.62.5' ],
63 silly audit   '@rollup/rollup-linux-ppc64-musl': [ '4.62.5' ],
63 silly audit   '@rollup/rollup-linux-riscv64-gnu': [ '4.62.5' ],
63 silly audit   '@rollup/rollup-linux-riscv64-musl': [ '4.62.5' ],
63 silly audit   '@rollup/rollup-linux-s390x-gnu': [ '4.62.5' ],
63 silly audit   '@rollup/rollup-linux-x64-gnu': [ '4.62.5' ],
63 silly audit   '@rollup/rollup-linux-x64-musl': [ '4.62.5' ],
63 silly audit   '@rollup/rollup-openbsd-x64': [ '4.62.5' ],
63 silly audit   '@rollup/rollup-openharmony-arm64': [ '4.62.5' ],
63 silly audit   '@rollup/rollup-win32-arm64-msvc': [ '4.62.5' ],
63 silly audit   '@rollup/rollup-win32-ia32-msvc': [ '4.62.5' ],
63 silly audit   '@rollup/rollup-win32-x64-gnu': [ '4.62.5' ],
63 silly audit   '@rollup/rollup-win32-x64-msvc': [ '4.62.5' ],
63 silly audit   '@types/babel__core': [ '7.20.5' ],
63 silly audit   '@types/babel__generator': [ '7.27.0' ],
63 silly audit   '@types/babel__template': [ '7.4.4' ],
63 silly audit   '@types/babel__traverse': [ '7.28.0' ],
63 silly audit   '@types/estree': [ '1.0.9' ],
63 silly audit   '@types/json-schema': [ '7.0.15' ],
63 silly audit   '@types/raf': [ '3.4.3' ],
63 silly audit   '@vitejs/plugin-react': [ '5.2.0' ],
63 silly audit   acorn: [ '8.18.0' ],
63 silly audit   'acorn-jsx': [ '5.3.2' ],
63 silly audit   ajv: [ '6.15.0' ],
63 silly audit   'ansi-styles': [ '4.3.0' ],
63 silly audit   'any-promise': [ '1.3.0' ],
63 silly audit   anymatch: [ '3.1.3' ],
63 silly audit   arg: [ '5.0.2' ],
63 silly audit   argparse: [ '2.0.1' ],
63 silly audit   autoprefixer: [ '10.5.4' ],
63 silly audit   'balanced-match': [ '1.0.2' ],
63 silly audit   'base64-arraybuffer': [ '1.0.2' ],
63 silly audit   'baseline-browser-mapping': [ '2.11.17' ],
63 silly audit   'binary-extensions': [ '2.3.0' ],
63 silly audit   'brace-expansion': [ '1.1.18' ],
63 silly audit   braces: [ '3.0.3' ],
63 silly audit   browserslist: [ '4.28.8' ],
63 silly audit   callsites: [ '3.1.0' ],
63 silly audit   'camelcase-css': [ '2.0.1' ],
63 silly audit   'caniuse-lite': [ '1.0.30001809' ],
63 silly audit   canvg: [ '3.0.11' ],
63 silly audit   chalk: [ '4.1.2' ],
63 silly audit   chokidar: [ '3.6.0' ],
63 silly audit   'glob-parent': [ '5.1.2', '6.0.2' ],
63 silly audit   'color-convert': [ '2.0.1' ],
63 silly audit   'color-name': [ '1.1.4' ],
63 silly audit   commander: [ '4.1.1' ],
63 silly audit   'concat-map': [ '0.0.1' ],
63 silly audit   'convert-source-map': [ '2.0.0' ],
63 silly audit   'core-js': [ '3.50.0' ],
63 silly audit   'cross-spawn': [ '7.0.6' ],
63 silly audit   'css-line-break': [ '2.1.0' ],
63 silly audit   cssesc: [ '3.0.0' ],
63 silly audit   debug: [ '4.4.3' ],
63 silly audit   'deep-is': [ '0.1.4' ],
63 silly audit   didyoumean: [ '1.2.2' ],
63 silly audit   dlv: [ '1.1.3' ],
63 silly audit   'electron-to-chromium': [ '1.5.412' ],
63 silly audit   'es-errors': [ '1.3.0' ],
63 silly audit   esbuild: [ '0.28.2' ],
63 silly audit   escalade: [ '3.2.0' ],
63 silly audit   'escape-string-regexp': [ '4.0.0' ],
63 silly audit   eslint: [ '9.39.5' ],
63 silly audit   'eslint-plugin-react-hooks': [ '5.2.0' ],
63 silly audit   'eslint-plugin-react-refresh': [ '0.4.26' ],
63 silly audit   'eslint-scope': [ '8.4.0' ],
63 silly audit   espree: [ '10.4.0' ],
63 silly audit   esquery: [ '1.7.0' ],
63 silly audit   esrecurse: [ '4.3.0' ],
63 silly audit   estraverse: [ '5.3.0' ],
63 silly audit   esutils: [ '2.0.3' ],
63 silly audit   'fast-deep-equal': [ '3.1.3' ],
63 silly audit   'fast-glob': [ '3.3.3' ],
63 silly audit   'fast-json-stable-stringify': [ '2.1.0' ],
63 silly audit   'fast-levenshtein': [ '2.0.6' ],
63 silly audit   fastq: [ '1.20.1' ],
63 silly audit   fflate: [ '0.8.3' ],
63 silly audit   'file-entry-cache': [ '8.0.0' ],
63 silly audit   'fill-range': [ '7.1.1' ],
63 silly audit   'find-up': [ '5.0.0' ],
63 silly audit   'flat-cache': [ '4.0.1' ],
63 silly audit   flatted: [ '3.4.4' ],
63 silly audit   'fraction.js': [ '5.3.4' ],
63 silly audit   fsevents: [ '2.3.3' ],
63 silly audit   'function-bind': [ '1.1.2' ],
63 silly audit   gensync: [ '1.0.0-beta.2' ],
63 silly audit   'has-flag': [ '4.0.0' ],
63 silly audit   hasown: [ '2.0.4' ],
63 silly audit   html2canvas: [ '1.4.1' ],
63 silly audit   ignore: [ '5.3.2' ],
63 silly audit   'import-fresh': [ '3.3.1' ],
63 silly audit   imurmurhash: [ '0.1.4' ],
63 silly audit   'is-binary-path': [ '2.1.0' ],
63 silly audit   'is-core-module': [ '2.16.2' ],
63 silly audit   'is-extglob': [ '2.1.1' ],
63 silly audit   'is-glob': [ '4.0.3' ],
63 silly audit   'is-number': [ '7.0.0' ],
63 silly audit   isexe: [ '2.0.0' ],
63 silly audit   jiti: [ '1.21.7' ],
63 silly audit   'js-tokens': [ '4.0.0' ],
63 silly audit   'js-yaml': [ '4.3.1' ],
63 silly audit   jsesc: [ '3.1.0' ],
63 silly audit   'json-buffer': [ '3.0.1' ],
63 silly audit   'json-schema-traverse': [ '0.4.1' ],
63 silly audit   'json-stable-stringify-without-jsonify': [ '1.0.1' ],
63 silly audit   json5: [ '2.2.3' ],
63 silly audit   keyv: [ '4.5.4' ],
63 silly audit   levn: [ '0.4.1' ],
63 silly audit   lilconfig: [ '3.1.3' ],
63 silly audit   'lines-and-columns': [ '1.2.4' ],
63 silly audit   'locate-path': [ '6.0.0' ],
63 silly audit   'lodash.merge': [ '4.6.2' ],
63 silly audit   'lru-cache': [ '5.1.1' ],
63 silly audit   merge2: [ '1.4.1' ],
63 silly audit   micromatch: [ '4.0.8' ],
63 silly audit   minimatch: [ '3.1.5' ],
63 silly audit   ms: [ '2.1.3' ],
63 silly audit   mz: [ '2.7.0' ],
63 silly audit   nanoid: [ '3.3.18' ],
63 silly audit   'natural-compare': [ '1.4.0' ],
63 silly audit   'node-releases': [ '2.0.53' ],
63 silly audit   'normalize-path': [ '3.0.0' ],
63 silly audit   'object-assign': [ '4.1.1' ],
63 silly audit   'object-hash': [ '3.0.0' ],
63 silly audit   optionator: [ '0.9.4' ],
63 silly audit   'p-limit': [ '3.1.0' ],
63 silly audit   'p-locate': [ '5.0.0' ],
63 silly audit   'parent-module': [ '1.0.1' ],
63 silly audit   'path-exists': [ '4.0.0' ],
63 silly audit   'path-key': [ '3.1.1' ],
63 silly audit   'path-parse': [ '1.0.7' ],
63 silly audit   'performance-now': [ '2.1.0' ],
63 silly audit   picocolors: [ '1.1.1' ],
63 silly audit   picomatch: [ '2.3.2', '4.0.5' ],
63 silly audit   pirates: [ '4.0.7' ],
63 silly audit   postcss: [ '8.5.26' ],
63 silly audit   'postcss-import': [ '15.1.0' ],
63 silly audit   'postcss-js': [ '4.1.0' ],
63 silly audit   'postcss-load-config': [ '6.0.1' ],
63 silly audit   'postcss-nested': [ '6.2.0' ],
63 silly audit   'postcss-selector-parser': [ '6.1.4' ],
63 silly audit   'postcss-value-parser': [ '4.2.0' ],
63 silly audit   'prelude-ls': [ '1.2.1' ],
63 silly audit   punycode: [ '2.3.1' ],
63 silly audit   'queue-microtask': [ '1.2.3' ],
63 silly audit   raf: [ '3.4.1' ],
63 silly audit   react: [ '19.2.8' ],
63 silly audit   'react-dom': [ '19.2.8' ],
63 silly audit   'react-refresh': [ '0.18.0' ],
63 silly audit   'read-cache': [ '1.0.2' ],
63 silly audit   readdirp: [ '3.6.0' ],
63 silly audit   'regenerator-runtime': [ '0.13.11' ],
63 silly audit   resolve: [ '1.22.12' ],
63 silly audit   'resolve-from': [ '4.0.0' ],
63 silly audit   reusify: [ '1.1.0' ],
63 silly audit   rgbcolor: [ '1.0.1' ],
63 silly audit   rollup: [ '4.62.5' ],
63 silly audit   'run-parallel': [ '1.2.0' ],
63 silly audit   scheduler: [ '0.27.0' ],
63 silly audit   semver: [ '6.3.1' ],
63 silly audit   'shebang-command': [ '2.0.0' ],
63 silly audit   'shebang-regex': [ '3.0.0' ],
63 silly audit   'source-map-js': [ '1.2.1' ],
63 silly audit   'stackblur-canvas': [ '2.7.0' ],
63 silly audit   'strip-json-comments': [ '3.1.1' ],
63 silly audit   sucrase: [ '3.35.1' ],
63 silly audit   'supports-color': [ '7.2.0' ],
63 silly audit   'supports-preserve-symlinks-flag': [ '1.0.0' ],
63 silly audit   'svg-pathdata': [ '6.0.3' ],
63 silly audit   tailwindcss: [ '3.4.19' ],
63 silly audit   'text-segmentation': [ '1.0.3' ],
63 silly audit   thenify: [ '3.3.1' ],
63 silly audit   'thenify-all': [ '1.6.0' ],
63 silly audit   tinyglobby: [ '0.2.17' ],
63 silly audit   fdir: [ '6.5.0' ],
63 silly audit   'to-regex-range': [ '5.0.1' ],
63 silly audit   'ts-interface-checker': [ '0.1.13' ],
63 silly audit   'type-check': [ '0.4.0' ],
63 silly audit   'update-browserslist-db': [ '1.3.1' ],
63 silly audit   'uri-js': [ '4.4.1' ],
63 silly audit   'util-deprecate': [ '1.0.2' ],
63 silly audit   utrie: [ '1.0.2' ],
63 silly audit   vite: [ '7.3.6' ],
63 silly audit   which: [ '2.0.2' ],
63 silly audit   'word-wrap': [ '1.2.5' ],
63 silly audit   yallist: [ '3.1.1' ],
63 silly audit   'yocto-queue': [ '0.1.0' ],
63 silly audit   jspdf: [ '4.2.1' ],
63 silly audit   'jspdf-autotable': [ '5.0.8' ],
63 silly audit   dompurify: [ '3.4.14' ],
63 silly audit   'fast-png': [ '6.4.0' ],
63 silly audit   '@types/trusted-types': [ '2.0.7' ],
63 silly audit   '@types/pako': [ '2.0.4' ],
63 silly audit   iobuffer: [ '5.4.0' ],
63 silly audit   pako: [ '2.2.0' ]
63 silly audit }
64 verbose reify failed optional dependency C:\Coding\Work\client\node_modules\fsevents
65 silly reify mark deleted [ 'C:\\Coding\\Work\\client\\node_modules\\fsevents' ]
66 verbose reify failed optional dependency C:\Coding\Work\client\node_modules\@rollup\rollup-win32-ia32-msvc
67 silly reify mark deleted [
67 silly reify   'C:\\Coding\\Work\\client\\node_modules\\@rollup\\rollup-win32-ia32-msvc'
67 silly reify ]
68 verbose reify failed optional dependency C:\Coding\Work\client\node_modules\@rollup\rollup-win32-arm64-msvc
69 silly reify mark deleted [
69 silly reify   'C:\\Coding\\Work\\client\\node_modules\\@rollup\\rollup-win32-arm64-msvc'
69 silly reify ]
70 verbose reify failed optional dependency C:\Coding\Work\client\node_modules\@rollup\rollup-openharmony-arm64
71 silly reify mark deleted [
71 silly reify   'C:\\Coding\\Work\\client\\node_modules\\@rollup\\rollup-openharmony-arm64'
71 silly reify ]
72 verbose reify failed optional dependency C:\Coding\Work\client\node_modules\@rollup\rollup-openbsd-x64
73 silly reify mark deleted [
73 silly reify   'C:\\Coding\\Work\\client\\node_modules\\@rollup\\rollup-openbsd-x64'
73 silly reify ]
74 verbose reify failed optional dependency C:\Coding\Work\client\node_modules\@rollup\rollup-linux-x64-musl
75 silly reify mark deleted [
75 silly reify   'C:\\Coding\\Work\\client\\node_modules\\@rollup\\rollup-linux-x64-musl'
75 silly reify ]
76 verbose reify failed optional dependency C:\Coding\Work\client\node_modules\@rollup\rollup-linux-x64-gnu
77 silly reify mark deleted [
77 silly reify   'C:\\Coding\\Work\\client\\node_modules\\@rollup\\rollup-linux-x64-gnu'
77 silly reify ]
78 verbose reify failed optional dependency C:\Coding\Work\client\node_modules\@rollup\rollup-linux-s390x-gnu
79 silly reify mark deleted [
79 silly reify   'C:\\Coding\\Work\\client\\node_modules\\@rollup\\rollup-linux-s390x-gnu'
79 silly reify ]
80 verbose reify failed optional dependency C:\Coding\Work\client\node_modules\@rollup\rollup-linux-riscv64-musl
81 silly reify mark deleted [
81 silly reify   'C:\\Coding\\Work\\client\\node_modules\\@rollup\\rollup-linux-riscv64-musl'
81 silly reify ]
82 verbose reify failed optional dependency C:\Coding\Work\client\node_modules\@rollup\rollup-linux-riscv64-gnu
83 silly reify mark deleted [
83 silly reify   'C:\\Coding\\Work\\client\\node_modules\\@rollup\\rollup-linux-riscv64-gnu'
83 silly reify ]
84 verbose reify failed optional dependency C:\Coding\Work\client\node_modules\@rollup\rollup-linux-ppc64-musl
85 silly reify mark deleted [
85 silly reify   'C:\\Coding\\Work\\client\\node_modules\\@rollup\\rollup-linux-ppc64-musl'
85 silly reify ]
86 verbose reify failed optional dependency C:\Coding\Work\client\node_modules\@rollup\rollup-linux-ppc64-gnu
87 silly reify mark deleted [
87 silly reify   'C:\\Coding\\Work\\client\\node_modules\\@rollup\\rollup-linux-ppc64-gnu'
87 silly reify ]
88 verbose reify failed optional dependency C:\Coding\Work\client\node_modules\@rollup\rollup-linux-loong64-musl
89 silly reify mark deleted [
89 silly reify   'C:\\Coding\\Work\\client\\node_modules\\@rollup\\rollup-linux-loong64-musl'
89 silly reify ]
90 verbose reify failed optional dependency C:\Coding\Work\client\node_modules\@rollup\rollup-linux-loong64-gnu
91 silly reify mark deleted [
91 silly reify   'C:\\Coding\\Work\\client\\node_modules\\@rollup\\rollup-linux-loong64-gnu'
91 silly reify ]
92 verbose reify failed optional dependency C:\Coding\Work\client\node_modules\@rollup\rollup-linux-arm64-musl
93 silly reify mark deleted [
93 silly reify   'C:\\Coding\\Work\\client\\node_modules\\@rollup\\rollup-linux-arm64-musl'
93 silly reify ]
94 verbose reify failed optional dependency C:\Coding\Work\client\node_modules\@rollup\rollup-linux-arm64-gnu
95 silly reify mark deleted [
95 silly reify   'C:\\Coding\\Work\\client\\node_modules\\@rollup\\rollup-linux-arm64-gnu'
95 silly reify ]
96 verbose reify failed optional dependency C:\Coding\Work\client\node_modules\@rollup\rollup-linux-arm-musleabihf
97 silly reify mark deleted [
97 silly reify   'C:\\Coding\\Work\\client\\node_modules\\@rollup\\rollup-linux-arm-musleabihf'
97 silly reify ]
98 verbose reify failed optional dependency C:\Coding\Work\client\node_modules\@rollup\rollup-linux-arm-gnueabihf
99 silly reify mark deleted [
99 silly reify   'C:\\Coding\\Work\\client\\node_modules\\@rollup\\rollup-linux-arm-gnueabihf'
99 silly reify ]
100 verbose reify failed optional dependency C:\Coding\Work\client\node_modules\@rollup\rollup-freebsd-x64
101 silly reify mark deleted [
101 silly reify   'C:\\Coding\\Work\\client\\node_modules\\@rollup\\rollup-freebsd-x64'
101 silly reify ]
102 verbose reify failed optional dependency C:\Coding\Work\client\node_modules\@rollup\rollup-freebsd-arm64
103 silly reify mark deleted [
103 silly reify   'C:\\Coding\\Work\\client\\node_modules\\@rollup\\rollup-freebsd-arm64'
103 silly reify ]
104 verbose reify failed optional dependency C:\Coding\Work\client\node_modules\@rollup\rollup-darwin-x64
105 silly reify mark deleted [
105 silly reify   'C:\\Coding\\Work\\client\\node_modules\\@rollup\\rollup-darwin-x64'
105 silly reify ]
106 verbose reify failed optional dependency C:\Coding\Work\client\node_modules\@rollup\rollup-darwin-arm64
107 silly reify mark deleted [
107 silly reify   'C:\\Coding\\Work\\client\\node_modules\\@rollup\\rollup-darwin-arm64'
107 silly reify ]
108 verbose reify failed optional dependency C:\Coding\Work\client\node_modules\@rollup\rollup-android-arm64
109 silly reify mark deleted [
109 silly reify   'C:\\Coding\\Work\\client\\node_modules\\@rollup\\rollup-android-arm64'
109 silly reify ]
110 verbose reify failed optional dependency C:\Coding\Work\client\node_modules\@rollup\rollup-android-arm-eabi
111 silly reify mark deleted [
111 silly reify   'C:\\Coding\\Work\\client\\node_modules\\@rollup\\rollup-android-arm-eabi'
111 silly reify ]
112 verbose reify failed optional dependency C:\Coding\Work\client\node_modules\@napi-rs\lzma-linux-x64-gnu
113 silly reify mark deleted [
113 silly reify   'C:\\Coding\\Work\\client\\node_modules\\@napi-rs\\lzma-linux-x64-gnu'
113 silly reify ]
114 verbose reify failed optional dependency C:\Coding\Work\client\node_modules\@esbuild\win32-ia32
115 silly reify mark deleted [ 'C:\\Coding\\Work\\client\\node_modules\\@esbuild\\win32-ia32' ]
116 verbose reify failed optional dependency C:\Coding\Work\client\node_modules\@esbuild\win32-arm64
117 silly reify mark deleted [ 'C:\\Coding\\Work\\client\\node_modules\\@esbuild\\win32-arm64' ]
118 verbose reify failed optional dependency C:\Coding\Work\client\node_modules\@esbuild\sunos-x64
119 silly reify mark deleted [ 'C:\\Coding\\Work\\client\\node_modules\\@esbuild\\sunos-x64' ]
120 verbose reify failed optional dependency C:\Coding\Work\client\node_modules\@esbuild\openharmony-arm64
121 silly reify mark deleted [
121 silly reify   'C:\\Coding\\Work\\client\\node_modules\\@esbuild\\openharmony-arm64'
121 silly reify ]
122 verbose reify failed optional dependency C:\Coding\Work\client\node_modules\@esbuild\openbsd-x64
123 silly reify mark deleted [ 'C:\\Coding\\Work\\client\\node_modules\\@esbuild\\openbsd-x64' ]
124 verbose reify failed optional dependency C:\Coding\Work\client\node_modules\@esbuild\openbsd-arm64
125 silly reify mark deleted [ 'C:\\Coding\\Work\\client\\node_modules\\@esbuild\\openbsd-arm64' ]
126 verbose reify failed optional dependency C:\Coding\Work\client\node_modules\@esbuild\netbsd-x64
127 silly reify mark deleted [ 'C:\\Coding\\Work\\client\\node_modules\\@esbuild\\netbsd-x64' ]
128 verbose reify failed optional dependency C:\Coding\Work\client\node_modules\@esbuild\netbsd-arm64
129 silly reify mark deleted [ 'C:\\Coding\\Work\\client\\node_modules\\@esbuild\\netbsd-arm64' ]
130 verbose reify failed optional dependency C:\Coding\Work\client\node_modules\@esbuild\linux-x64
131 silly reify mark deleted [ 'C:\\Coding\\Work\\client\\node_modules\\@esbuild\\linux-x64' ]
132 verbose reify failed optional dependency C:\Coding\Work\client\node_modules\@esbuild\linux-s390x
133 silly reify mark deleted [ 'C:\\Coding\\Work\\client\\node_modules\\@esbuild\\linux-s390x' ]
134 verbose reify failed optional dependency C:\Coding\Work\client\node_modules\@esbuild\linux-riscv64
135 silly reify mark deleted [ 'C:\\Coding\\Work\\client\\node_modules\\@esbuild\\linux-riscv64' ]
136 verbose reify failed optional dependency C:\Coding\Work\client\node_modules\@esbuild\linux-ppc64
137 silly reify mark deleted [ 'C:\\Coding\\Work\\client\\node_modules\\@esbuild\\linux-ppc64' ]
138 verbose reify failed optional dependency C:\Coding\Work\client\node_modules\@esbuild\linux-mips64el
139 silly reify mark deleted [ 'C:\\Coding\\Work\\client\\node_modules\\@esbuild\\linux-mips64el' ]
140 verbose reify failed optional dependency C:\Coding\Work\client\node_modules\@esbuild\linux-loong64
141 silly reify mark deleted [ 'C:\\Coding\\Work\\client\\node_modules\\@esbuild\\linux-loong64' ]
142 verbose reify failed optional dependency C:\Coding\Work\client\node_modules\@esbuild\linux-ia32
143 silly reify mark deleted [ 'C:\\Coding\\Work\\client\\node_modules\\@esbuild\\linux-ia32' ]
144 verbose reify failed optional dependency C:\Coding\Work\client\node_modules\@esbuild\linux-arm64
145 silly reify mark deleted [ 'C:\\Coding\\Work\\client\\node_modules\\@esbuild\\linux-arm64' ]
146 verbose reify failed optional dependency C:\Coding\Work\client\node_modules\@esbuild\linux-arm
147 silly reify mark deleted [ 'C:\\Coding\\Work\\client\\node_modules\\@esbuild\\linux-arm' ]
148 verbose reify failed optional dependency C:\Coding\Work\client\node_modules\@esbuild\freebsd-x64
149 silly reify mark deleted [ 'C:\\Coding\\Work\\client\\node_modules\\@esbuild\\freebsd-x64' ]
150 verbose reify failed optional dependency C:\Coding\Work\client\node_modules\@esbuild\freebsd-arm64
151 silly reify mark deleted [ 'C:\\Coding\\Work\\client\\node_modules\\@esbuild\\freebsd-arm64' ]
152 verbose reify failed optional dependency C:\Coding\Work\client\node_modules\@esbuild\darwin-x64
153 silly reify mark deleted [ 'C:\\Coding\\Work\\client\\node_modules\\@esbuild\\darwin-x64' ]
154 verbose reify failed optional dependency C:\Coding\Work\client\node_modules\@esbuild\darwin-arm64
155 silly reify mark deleted [ 'C:\\Coding\\Work\\client\\node_modules\\@esbuild\\darwin-arm64' ]
156 verbose reify failed optional dependency C:\Coding\Work\client\node_modules\@esbuild\android-x64
157 silly reify mark deleted [ 'C:\\Coding\\Work\\client\\node_modules\\@esbuild\\android-x64' ]
158 verbose reify failed optional dependency C:\Coding\Work\client\node_modules\@esbuild\android-arm64
159 silly reify mark deleted [ 'C:\\Coding\\Work\\client\\node_modules\\@esbuild\\android-arm64' ]
160 verbose reify failed optional dependency C:\Coding\Work\client\node_modules\@esbuild\android-arm
161 silly reify mark deleted [ 'C:\\Coding\\Work\\client\\node_modules\\@esbuild\\android-arm' ]
162 verbose reify failed optional dependency C:\Coding\Work\client\node_modules\@esbuild\aix-ppc64
163 silly reify mark deleted [ 'C:\\Coding\\Work\\client\\node_modules\\@esbuild\\aix-ppc64' ]
164 http cache iobuffer@https://registry.npmjs.org/iobuffer/-/iobuffer-5.4.0.tgz 0ms (cache hit)
165 http cache pako@https://registry.npmjs.org/pako/-/pako-2.2.0.tgz 0ms (cache hit)
166 http cache @types/trusted-types@https://registry.npmjs.org/@types/trusted-types/-/trusted-types-2.0.7.tgz 0ms (cache hit)
167 http cache @types/pako@https://registry.npmjs.org/@types/pako/-/pako-2.0.4.tgz 0ms (cache hit)
168 http cache jspdf@https://registry.npmjs.org/jspdf/-/jspdf-4.2.1.tgz 0ms (cache hit)
169 http cache jspdf-autotable@https://registry.npmjs.org/jspdf-autotable/-/jspdf-autotable-5.0.8.tgz 0ms (cache hit)
170 silly tarball no local data for iobuffer@https://registry.npmjs.org/iobuffer/-/iobuffer-5.4.0.tgz. Extracting by manifest.
171 silly tarball no local data for pako@https://registry.npmjs.org/pako/-/pako-2.2.0.tgz. Extracting by manifest.
172 silly tarball no local data for @types/trusted-types@https://registry.npmjs.org/@types/trusted-types/-/trusted-types-2.0.7.tgz. Extracting by manifest.
173 silly tarball no local data for @types/pako@https://registry.npmjs.org/@types/pako/-/pako-2.0.4.tgz. Extracting by manifest.
174 silly tarball no local data for jspdf@https://registry.npmjs.org/jspdf/-/jspdf-4.2.1.tgz. Extracting by manifest.
175 http cache dompurify@https://registry.npmjs.org/dompurify/-/dompurify-3.4.14.tgz 0ms (cache hit)
176 silly tarball no local data for jspdf-autotable@https://registry.npmjs.org/jspdf-autotable/-/jspdf-autotable-5.0.8.tgz. Extracting by manifest.
177 http cache fast-png@https://registry.npmjs.org/fast-png/-/fast-png-6.4.0.tgz 0ms (cache hit)
178 silly tarball no local data for dompurify@https://registry.npmjs.org/dompurify/-/dompurify-3.4.14.tgz. Extracting by manifest.
179 silly tarball no local data for fast-png@https://registry.npmjs.org/fast-png/-/fast-png-6.4.0.tgz. Extracting by manifest.
180 http fetch GET 200 https://registry.npmjs.org/iobuffer/-/iobuffer-5.4.0.tgz 139ms (cache miss)
181 http fetch GET 200 https://registry.npmjs.org/@types/pako/-/pako-2.0.4.tgz 219ms (cache miss)
182 http fetch GET 200 https://registry.npmjs.org/@types/trusted-types/-/trusted-types-2.0.7.tgz 234ms (cache miss)
183 http fetch POST 200 https://registry.npmjs.org/-/npm/v1/security/advisories/bulk 286ms
184 silly audit report {}
185 http fetch GET 200 https://registry.npmjs.org/fast-png/-/fast-png-6.4.0.tgz 335ms (cache miss)
186 http fetch GET 200 https://registry.npmjs.org/pako/-/pako-2.2.0.tgz 468ms (cache miss)
187 http fetch GET 200 https://registry.npmjs.org/dompurify/-/dompurify-3.4.14.tgz 597ms (cache miss)
188 http fetch GET 200 https://registry.npmjs.org/jspdf-autotable/-/jspdf-autotable-5.0.8.tgz 604ms (cache miss)
189 http fetch GET 200 https://registry.npmjs.org/jspdf/-/jspdf-4.2.1.tgz 1205ms (cache miss)
190 silly ADD node_modules/pako
191 silly ADD node_modules/iobuffer
192 silly ADD node_modules/@types/pako
193 silly ADD node_modules/@types/trusted-types
194 silly ADD node_modules/fast-png
195 silly ADD
196 silly ADD
197 silly ADD
198 silly ADD
199 silly ADD
200 silly ADD
201 silly ADD
202 silly ADD
203 silly ADD
204 silly ADD
205 silly ADD
206 silly ADD
207 silly ADD
208 silly ADD
209 silly ADD
210 silly ADD
211 silly ADD
212 silly ADD
213 silly ADD
214 silly ADD
215 silly ADD
216 silly ADD
217 silly ADD
218 silly ADD
219 silly ADD
220 silly ADD
221 silly ADD
222 silly ADD
223 silly ADD
224 silly ADD
225 silly ADD
226 silly ADD
227 silly ADD
228 silly ADD
229 silly ADD
230 silly ADD
231 silly ADD
232 silly ADD
233 silly ADD
234 silly ADD
235 silly ADD
236 silly ADD
237 silly ADD
238 silly ADD
239 silly ADD
240 silly ADD
241 silly ADD
242 silly ADD
243 silly ADD
244 silly ADD
245 silly CHANGE node_modules/jspdf-autotable
246 silly CHANGE node_modules/jspdf
247 silly CHANGE node_modules/dompurify
248 silly REMOVE node_modules/btoa
249 silly REMOVE node_modules/atob
250 verbose cwd C:\Coding\Work\client
251 verbose os Windows_NT 10.0.26200
252 verbose node v22.20.0
253 verbose npm  v10.9.3
254 verbose exit 0
255 info ok
